completed seed=1025 arm=A1 rate=0.04005 lambda=0.01
completed seed=1025 arm=A2 rate=0.04000 lambda=0.01
completed seed=1026 arm=A1 rate=0.04005 lambda=0.01
completed seed=1026 arm=A2 rate=0.04000 lambda=0.01
completed seed=1027 arm=A1 rate=0.03995 lambda=0.01
completed seed=1027 arm=A2 rate=0.04000 lambda=0.01
completed seed=1028 arm=A1 rate=0.04000 lambda=0.01
completed seed=1028 arm=A2 rate=0.04000 lambda=0.01
completed seed=1029 arm=A1 rate=0.03995 lambda=0.01
completed seed=1029 arm=A2 rate=0.04000 lambda=0.01
completed seed=1030 arm=A1 rate=0.03990 lambda=0.01
completed seed=1030 arm=A2 rate=0.04000 lambda=0.01
completed seed=1031 arm=A1 rate=0.04000 lambda=0.01
completed seed=1031 arm=A2 rate=0.04000 lambda=0.01
completed seed=1032 arm=A1 rate=0.03990 lambda=0.01
completed seed=1032 arm=A2 rate=0.04000 lambda=0.01
completed seed=1033 arm=A1 rate=0.04000 lambda=0.01
completed seed=1033 arm=A2 rate=0.04000 lambda=0.01
completed seed=1034 arm=A1 rate=0.03995 lambda=0.01
completed seed=1034 arm=A2 rate=0.04000 lambda=0.01
completed seed=1035 arm=A1 rate=0.04000 lambda=0.01
completed seed=1035 arm=A2 rate=0.04000 lambda=0.01
completed seed=1036 arm=A1 rate=0.03986 lambda=0.01
completed seed=1036 arm=A2 rate=0.03995 lambda=0.01
completed seed=1037 arm=A1 rate=0.03995 lambda=0.01
completed seed=1037 arm=A2 rate=0.04000 lambda=0.01
completed seed=1038 arm=A1 rate=0.03995 lambda=0.01
completed seed=1038 arm=A2 rate=0.04000 lambda=0.01
completed seed=1039 arm=A1 rate=0.04005 lambda=0.01
completed seed=1039 arm=A2 rate=0.03995 lambda=0.01
completed seed=1040 arm=A1 rate=0.04005 lambda=0.01
completed seed=1040 arm=A2 rate=0.04000 lambda=0.01
completed seed=1041 arm=A1 rate=0.04019 lambda=0.01
completed seed=1041 arm=A2 rate=0.03995 lambda=0.01
completed seed=1042 arm=A1 rate=0.04000 lambda=0.01
completed seed=1042 arm=A2 rate=0.03995 lambda=0.01
completed seed=1043 arm=A1 rate=0.04005 lambda=0.01
completed seed=1043 arm=A2 rate=0.04000 lambda=0.01
completed seed=1044 arm=A1 rate=0.04000 lambda=0.01
completed seed=1044 arm=A2 rate=0.03995 lambda=0.01
completed seed=1045 arm=A1 rate=0.04010 lambda=0.01
completed seed=1045 arm=A2 rate=0.03995 lambda=0.01
completed seed=1046 arm=A1 rate=0.04000 lambda=0.01
completed seed=1046 arm=A2 rate=0.04005 lambda=0.01
completed seed=1047 arm=A1 rate=0.04010 lambda=0.01
completed seed=1047 arm=A2 rate=0.04000 lambda=0.01
completed seed=1048 arm=A1 rate=0.03981 lambda=0.01
completed seed=1048 arm=A2 rate=0.04000 lambda=0.01
completed seed=1049 arm=A1 rate=0.04005 lambda=0.01
completed seed=1049 arm=A2 rate=0.03995 lambda=0.01
{
  "overall": "INCONCLUSIVE_STABILITY_GATE",
  "arms": {
    "A1": {
      "eligible_seeds": [
        1000,
        1001,
        1002,
        1003,
        1004,
        1005,
        1006,
        1007,
        1008,
        1009,
        1010,
        1011,
        1012,
        1013,
        1014,
        1015,
        1016,
        1017,
        1018,
        1019,
        1020,
        1021,
        1022,
        1023,
        1024,
        1025,
        1026,
        1027,
        1028,
        1029,
        1030,
        1031,
        1032,
        1033,
        1034,
        1035,
        1036,
        1037,
        1038,
        1039,
        1040,
        1041,
        1042,
        1043,
        1044,
        1045,
        1046,
        1047,
        1048,
        1049
      ],
      "rate_excluded_seeds": [],
      "n_eligible": 50,
      "pass_seed_fraction": 0.0,
      "pass_criterion_met_before_stability": false,
      "kill_b3_seed_fraction": 0.96,
      "kill_b3_criterion_met": true,
      "cfhm_stability_gate_all_seeds": false,
      "b3_stability_gate_all_seeds": false,
      "decision_grade": false
    },
    "A2": {
      "eligible_seeds": [
        1000,
        1001,
        1002,
        1003,
        1004,
        1005,
        1006,
        1007,
        1008,
        1009,
        1010,
        1011,
        1012,
        1013,
        1014,
        1015,
        1016,
        1017,
        1018,
        1019,
        1020,
        1021,
        1022,
        1023,
        1024,
        1025,
        1026,
        1027,
        1028,
        1029,
        1030,
        1031,
        1032,
        1033,
        1034,
        1035,
        1036,
        1037,
        1038,
        1039,
        1040,
        1041,
        1042,
        1043,
        1044,
        1045,
        1046,
        1047,
        1048,
        1049
      ],
      "rate_excluded_seeds": [],
      "n_eligible": 50,
      "pass_seed_fraction": 0.0,
      "pass_criterion_met_before_stability": false,
      "kill_b3_seed_fraction": 0.98,
      "kill_b3_criterion_met": true,
      "cfhm_stability_gate_all_seeds": false,
      "b3_stability_gate_all_seeds": false,
      "decision_grade": false
    }
  }
}
